// Jest Snapshot v1, https://goo.gl/fbAQLP

exports[`Form Component should render properly 1`] = `
<form
  className="sc-dlfnbm cpkrBB"
  onSubmit={[Function]}
>
  <h1
    className="sc-eCssSg bghaWm"
  >
    Post message
  </h1>
  <label
    className="sc-jSgupP kCrMOB"
    htmlFor="messageField"
  >
    Write your message here
  </label>
  <input
    autoComplete="off"
    autoFocus={true}
    className="sc-gsTCUz ljVjLm"
    data-test="messageInput"
    disabled={false}
    id="messageField"
    name="message"
    onChange={[Function]}
    placeholder="Write your message here"
    type="text"
    value=""
  />
  <div
    className="sc-hKgILt ezlxUD"
  >
    <div
      className="sc-gKsewC jmlHni"
    >
      <div
        className="sc-fubCfw caNQDg"
      >
        <label
          className="sc-jSgupP kCrMOB"
          htmlFor="isPrivate"
        >
          Private
        </label>
        <div
          checked={false}
          className="sc-pFZIQ fcZdPu"
        >
          <div
            checked={false}
            className="sc-jrAGrp imKRAw"
          />
        </div>
        <input
          checked={false}
          className="sc-kEjbxe hXwaRS"
          id="isPrivate"
          onChange={[Function]}
          type="checkbox"
        />
      </div>
      <div
        className="sc-iBPRYJ JXzPi"
      >
        Private
      </div>
    </div>
    <button
      className="sc-bdfBwQ kRDaXO"
      data-test="submitButton"
      disabled={true}
      onClick={[Function]}
    >
      Send
    </button>
  </div>
</form>
`;
