// Jest Snapshot v1, https://goo.gl/fbAQLP

exports[`renders correctly 1`] = `
<div
  className="sc-bdfBwQ gVoctG"
>
  <div
    className="sc-gsTCUz hSHtAO"
  >
    <div
      className="sc-bkzZxe bKogmd"
    >
      <div
        className="sc-dlfnbm VafFv"
      >
        <svg
          height="34px"
          preserveAspectRatio="xMidYMid"
          viewBox="0 0 100 100"
          width="34px"
        >
          <path
            d="M10 50A40 40 0 0 0 90 50A40 46.5 0 0 1 10 50"
            fill="#109ad7"
            stroke="none"
          >
            <animateTransform
              attributeName="transform"
              dur="1s"
              keyTimes="0;1"
              repeatCount="indefinite"
              type="rotate"
              values="0 50 53.25;360 50 53.25"
            />
          </path>
        </svg>
      </div>
    </div>
    <form
      className="sc-gKsewC eUflmg"
      onSubmit={[Function]}
    >
      <h1
        className="sc-fubCfw dErUKn"
      >
        Post message
      </h1>
      <label
        className="sc-pFZIQ hnyVIS"
        htmlFor="messageField"
      >
        Write your message here
      </label>
      <input
        autoComplete="off"
        autoFocus={true}
        className="sc-jSgupP bwCYyh"
        disabled={false}
        id="messageField"
        name="message"
        onChange={[Function]}
        placeholder="Write your message here"
        type="text"
        value=""
      />
      <div
        className="sc-iBPRYJ eBvofg"
      >
        <div
          className="sc-jrAGrp iSvhwg"
        >
          <div
            className="sc-iqHYGH lfEyGp"
          >
            <label
              className="sc-pFZIQ hnyVIS"
              htmlFor="isPrivate"
            >
              Private
            </label>
            <div
              checked={false}
              className="sc-crrsfI fosgUB"
            >
              <div
                checked={false}
                className="sc-dQppl jDNUGR"
              />
            </div>
            <input
              checked={false}
              className="sc-bqyKva BvFhj"
              id="isPrivate"
              onChange={[Function]}
              type="checkbox"
            />
          </div>
          <div
            className="sc-kEjbxe griEtr"
          >
            Private
          </div>
        </div>
        <button
          className="sc-eCssSg dSgXHa"
          disabled={true}
          onClick={[Function]}
        >
          Send
        </button>
      </div>
    </form>
  </div>
</div>
`;
